[     185ms] [INFO] %cDownload the React DevTools for a better development experience: https://react.dev/link/react-devtools font-weight:bold @ http://localhost:3000/_next/static/chunks/0prs_next_dist_05bghtc._.js:2477
[     209ms] [LOG] [HMR] connected @ http://localhost:3000/_next/static/chunks/0prs_next_dist_05bghtc._.js:2477
[     335ms] [ERROR] Error: <path> attribute d: Expected moveto path command ('M' or 'm'), "undefined". @ http://localhost:3000/_next/static/chunks/0lw7_framer-motion_dist_es_0~mb3y3._.js:10399
[     335ms] [ERROR] Error: <path> attribute d: Expected moveto path command ('M' or 'm'), "undefined". @ http://localhost:3000/_next/static/chunks/0lw7_framer-motion_dist_es_0~mb3y3._.js:10399
[     335ms] [ERROR] Error: <path> attribute d: Expected moveto path command ('M' or 'm'), "undefined". @ http://localhost:3000/_next/static/chunks/0lw7_framer-motion_dist_es_0~mb3y3._.js:10399
[     335ms] [ERROR] Error: <path> attribute d: Expected moveto path command ('M' or 'm'), "undefined". @ http://localhost:3000/_next/static/chunks/0lw7_framer-motion_dist_es_0~mb3y3._.js:10399
[     335ms] [ERROR] Error: <path> attribute d: Expected moveto path command ('M' or 'm'), "undefined". @ http://localhost:3000/_next/static/chunks/0lw7_framer-motion_dist_es_0~mb3y3._.js:10399
[     335ms] [ERROR] Error: <path> attribute d: Expected moveto path command ('M' or 'm'), "undefined". @ http://localhost:3000/_next/static/chunks/0lw7_framer-motion_dist_es_0~mb3y3._.js:10399
[     335ms] [ERROR] Error: <path> attribute d: Expected moveto path command ('M' or 'm'), "undefined". @ http://localhost:3000/_next/static/chunks/0lw7_framer-motion_dist_es_0~mb3y3._.js:10399
[     335ms] [ERROR] Error: <path> attribute d: Expected moveto path command ('M' or 'm'), "undefined". @ http://localhost:3000/_next/static/chunks/0lw7_framer-motion_dist_es_0~mb3y3._.js:10399
[     335ms] [ERROR] Error: <path> attribute d: Expected moveto path command ('M' or 'm'), "undefined". @ http://localhost:3000/_next/static/chunks/0lw7_framer-motion_dist_es_0~mb3y3._.js:10399
[     335ms] [ERROR] Error: <path> attribute d: Expected moveto path command ('M' or 'm'), "undefined". @ http://localhost:3000/_next/static/chunks/0lw7_framer-motion_dist_es_0~mb3y3._.js:10399
[     335ms] [ERROR] Error: <path> attribute d: Expected moveto path command ('M' or 'm'), "undefined". @ http://localhost:3000/_next/static/chunks/0lw7_framer-motion_dist_es_0~mb3y3._.js:10399
[     335ms] [ERROR] Error: <path> attribute d: Expected moveto path command ('M' or 'm'), "undefined". @ http://localhost:3000/_next/static/chunks/0lw7_framer-motion_dist_es_0~mb3y3._.js:10399
[     335ms] [ERROR] Error: <path> attribute d: Expected moveto path command ('M' or 'm'), "undefined". @ http://localhost:3000/_next/static/chunks/0lw7_framer-motion_dist_es_0~mb3y3._.js:10399
[     335ms] [ERROR] Error: <path> attribute d: Expected moveto path command ('M' or 'm'), "undefined". @ http://localhost:3000/_next/static/chunks/0lw7_framer-motion_dist_es_0~mb3y3._.js:10399
[     335ms] [ERROR] Error: <path> attribute d: Expected moveto path command ('M' or 'm'), "undefined". @ http://localhost:3000/_next/static/chunks/0lw7_framer-motion_dist_es_0~mb3y3._.js:10399
[     335ms] [ERROR] Error: <path> attribute d: Expected moveto path command ('M' or 'm'), "undefined". @ http://localhost:3000/_next/static/chunks/0lw7_framer-motion_dist_es_0~mb3y3._.js:10399
[     337ms] [LOG] %c[Vercel Web Analytics]%c Debug mode is enabled by default in development. No requests will be sent to the server. color: rgb(120, 120, 120) color: inherit @ http://localhost:3000/_next/static/chunks/0prs_next_dist_05bghtc._.js:2477
[     337ms] [LOG] %c[Vercel Web Analytics]%c [view] http://localhost:3000/ color: rgb(120, 120, 120) color: inherit {o: http://localhost:3000/, sv: 0.1.3, sdkn: @vercel/analytics/react, sdkv: 2.0.1, ts: 1778327284928} /_vercel/insights/view @ http://localhost:3000/_next/static/chunks/0prs_next_dist_05bghtc._.js:2477
[   46292ms] [LOG] [Fast Refresh] rebuilding @ http://localhost:3000/_next/static/chunks/0prs_next_dist_05bghtc._.js:2477
[   46307ms] [LOG] [Fast Refresh] done in 116ms @ http://localhost:3000/_next/static/chunks/0prs_next_dist_05bghtc._.js:2477
